// Jest Snapshot v1, https://goo.gl/fbAQLP

exports[`Request Test given GET request is made should bring a response back in JSON format 1`] = `
Object {
  "avatar_url": "https://avatars.githubusercontent.com/u/68777073?v=4",
  "bio": "Software Delivery and Consultancy based in London",
  "blog": "https://syniol.com",
  "company": "Syniol Limited",
  "created_at": Any<String>,
  "email": null,
  "events_url": "https://api.github.com/users/syniol/events{/privacy}",
  "followers": 0,
  "followers_url": "https://api.github.com/users/syniol/followers",
  "following": 0,
  "following_url": "https://api.github.com/users/syniol/following{/other_user}",
  "gists_url": "https://api.github.com/users/syniol/gists{/gist_id}",
  "gravatar_id": "",
  "hireable": null,
  "html_url": "https://github.com/syniol",
  "id": 68777073,
  "location": "London",
  "login": "syniol",
  "name": "Syniol Limited",
  "node_id": Any<String>,
  "organizations_url": "https://api.github.com/users/syniol/orgs",
  "public_gists": 0,
  "public_repos": Any<Number>,
  "received_events_url": "https://api.github.com/users/syniol/received_events",
  "repos_url": "https://api.github.com/users/syniol/repos",
  "site_admin": false,
  "starred_url": "https://api.github.com/users/syniol/starred{/owner}{/repo}",
  "subscriptions_url": "https://api.github.com/users/syniol/subscriptions",
  "twitter_username": "syniol",
  "type": "User",
  "updated_at": Any<String>,
  "url": "https://api.github.com/users/syniol",
  "user_view_type": "public",
}
`;
